[ 2026-08-20 14:50:42,709 ] 20 root - INFO - Initiate the data ingestion
[ 2026-08-20 14:50:43,991 ] 69 root - INFO - Performed train test split on the dataframe
[ 2026-08-20 14:50:43,992 ] 71 root - INFO - Exited split_data_as_train_test method of Data_Ingestion class
[ 2026-08-20 14:50:43,992 ] 79 root - INFO - Exporting train and test file path.
[ 2026-08-20 14:50:44,028 ] 88 root - INFO - Exported train and test file path.
[ 2026-08-20 14:50:44,029 ] 22 root - INFO - Data Initiation Completed
[ 2026-08-20 14:50:44,033 ] 26 root - INFO - Initiate the data Validation
[ 2026-08-20 14:50:44,074 ] 32 root - INFO - Required number of columns:2
[ 2026-08-20 14:50:44,074 ] 33 root - INFO - Data frame has columns:31
[ 2026-08-20 14:50:44,075 ] 32 root - INFO - Required number of columns:2
[ 2026-08-20 14:50:44,075 ] 33 root - INFO - Data frame has columns:31
[ 2026-08-20 14:50:44,176 ] 28 root - INFO - data Validation Completed
[ 2026-08-20 14:50:44,176 ] 31 root - INFO - data Transformation started
[ 2026-08-20 14:50:44,176 ] 63 root - INFO - Entered initiate_data_transformation method of DataTransformation class
[ 2026-08-20 14:50:44,176 ] 65 root - INFO - Starting data transformation
[ 2026-08-20 14:50:44,192 ] 48 root - INFO - Entered get_data_trnasformer_object method of Trnasformation class
[ 2026-08-20 14:50:44,192 ] 53 root - INFO - Initialise KNNImputer with {'missing_values': nan, 'n_neighbors': 3, 'weights': 'uniform'}
[ 2026-08-20 14:50:44,216 ] 46 root - INFO - Entered the save_object method of MainUtils class
[ 2026-08-20 14:50:44,219 ] 50 root - INFO - Exited the save_object method of MainUtils class
[ 2026-08-20 14:50:44,219 ] 46 root - INFO - Entered the save_object method of MainUtils class
[ 2026-08-20 14:50:44,220 ] 50 root - INFO - Exited the save_object method of MainUtils class
[ 2026-08-20 14:50:44,222 ] 35 root - INFO - data Transformation completed
[ 2026-08-20 14:50:44,222 ] 37 root - INFO - Model Training sstared
