[ 2026-08-20 14:47:34,649 ] 20 root - INFO - Initiate the data ingestion
[ 2026-08-20 14:47:36,109 ] 69 root - INFO - Performed train test split on the dataframe
[ 2026-08-20 14:47:36,109 ] 71 root - INFO - Exited split_data_as_train_test method of Data_Ingestion class
[ 2026-08-20 14:47:36,110 ] 79 root - INFO - Exporting train and test file path.
[ 2026-08-20 14:47:36,157 ] 88 root - INFO - Exported train and test file path.
[ 2026-08-20 14:47:36,158 ] 22 root - INFO - Data Initiation Completed
[ 2026-08-20 14:47:36,170 ] 26 root - INFO - Initiate the data Validation
[ 2026-08-20 14:47:36,218 ] 32 root - INFO - Required number of columns:2
[ 2026-08-20 14:47:36,218 ] 33 root - INFO - Data frame has columns:31
[ 2026-08-20 14:47:36,219 ] 32 root - INFO - Required number of columns:2
[ 2026-08-20 14:47:36,219 ] 33 root - INFO - Data frame has columns:31
[ 2026-08-20 14:47:36,349 ] 28 root - INFO - data Validation Completed
[ 2026-08-20 14:47:36,350 ] 31 root - INFO - data Transformation started
[ 2026-08-20 14:47:36,350 ] 63 root - INFO - Entered initiate_data_transformation method of DataTransformation class
[ 2026-08-20 14:47:36,350 ] 65 root - INFO - Starting data transformation
[ 2026-08-20 14:47:36,371 ] 48 root - INFO - Entered get_data_trnasformer_object method of Trnasformation class
[ 2026-08-20 14:47:36,371 ] 53 root - INFO - Initialise KNNImputer with {'missing_values': nan, 'n_neighbors': 3, 'weights': 'uniform'}
[ 2026-08-20 14:47:36,407 ] 46 root - INFO - Entered the save_object method of MainUtils class
[ 2026-08-20 14:47:36,409 ] 50 root - INFO - Exited the save_object method of MainUtils class
[ 2026-08-20 14:47:36,409 ] 46 root - INFO - Entered the save_object method of MainUtils class
[ 2026-08-20 14:47:36,411 ] 50 root - INFO - Exited the save_object method of MainUtils class
[ 2026-08-20 14:47:36,412 ] 35 root - INFO - data Transformation completed
[ 2026-08-20 14:47:36,412 ] 37 root - INFO - Model Training sstared
